
> my-app@0.0.0 test
> playwright test

[1A[2K[2m[WebServer] [22m
[2m[WebServer] [22m> my-app@0.0.0 dev
[2m[WebServer] [22m> vite
[2m[WebServer] [22m

[1A[2K[2m[WebServer] [22m
[2m[WebServer] [22m  [32m[1mVITE[22m v7.3.0[39m  [2mready in [0m[1m326[22m[2m[0m ms[22m
[2m[WebServer] [22m

[1A[2K[2m[WebServer] [22m  [32m➜[39m  [1mLocal[22m:   [36mhttp://localhost:[1m5173[22m/[39m

[1A[2K[2m[WebServer] [22m[2m  [32m➜[39m  [1mNetwork[22m[2m: use [22m[1m--host[22m[2m to expose[22m


Running 10 tests using 1 worker

[1A[2K[1/10] [chromium] › tests/e2e.test.ts:10:5 › Full Site Verification - Tours & Detours › Critical: Cookie Banner & WhatsApp Visibility
[1A[2K  1) [chromium] › tests/e2e.test.ts:10:5 › Full Site Verification - Tours & Detours › Critical: Cookie Banner & WhatsApp Visibility 

    [31mTest timeout of 60000ms exceeded.[39m

    Error: locator.click: Test timeout of 60000ms exceeded.
    Call log:
    [2m  - waiting for locator('section#top-tours h3').first()[22m


      23 |         // State Logic: WhatsApp should hide when a dialog is open (to avoid overlap)
      24 |         const tourCard = page.locator('section#top-tours h3').first();
    > 25 |         await tourCard.click({ force: true });
         |                        ^
      26 |         await expect(page.locator('div[role="dialog"]')).toBeVisible();
      27 |         await expect(whatsapp).not.toBeVisible();
      28 |
        at /Users/dgenevois/.gemini/antigravity/scratch/TOURS/tests/e2e.test.ts:25:24

    Error Context: test-results/e2e-Full-Site-Verification-47c8d--Banner-WhatsApp-Visibility-chromium/error-context.md


[1A[2K[2/10] [chromium] › tests/e2e.test.ts:33:5 › Full Site Verification - Tours & Detours › Data: Multi-language Support & SEO
[1A[2K[3/10] [chromium] › tests/e2e.test.ts:48:5 › Full Site Verification - Tours & Detours › UI: Tour Dialog Logic & Overflow Check
[1A[2K  2) [chromium] › tests/e2e.test.ts:48:5 › Full Site Verification - Tours & Detours › UI: Tour Dialog Logic & Overflow Check 

    TimeoutError: locator.waitFor: Timeout 30000ms exceeded.
    Call log:
    [2m  - waiting for locator('section#top-tours h3').first() to be visible[22m


      52 |         // Wait for cards to appear
      53 |         const tourCard = page.locator('section#top-tours h3').first();
    > 54 |         await tourCard.waitFor({ state: 'visible', timeout: 30000 });
         |                        ^
      55 |         await tourCard.click({ force: true });
      56 |
      57 |         await expect(page.locator('div[role="dialog"]')).toBeVisible({ timeout: 30000 });
        at /Users/dgenevois/.gemini/antigravity/scratch/TOURS/tests/e2e.test.ts:54:24

    Error Context: test-results/e2e-Full-Site-Verification-1b081-Dialog-Logic-Overflow-Check-chromium/error-context.md


[1A[2K[4/10] [chromium] › tests/e2e.test.ts:68:5 › Full Site Verification - Tours & Detours › Performance: Assets 404 check
[1A[2K[5/10] [chromium] › tests/e2e.test.ts:83:5 › Full Site Verification - Tours & Detours › UI: About Page Sticky & Mobile Responsiveness
[1A[2K  3) [chromium] › tests/e2e.test.ts:83:5 › Full Site Verification - Tours & Detours › UI: About Page Sticky & Mobile Responsiveness 

    [31mTest timeout of 60000ms exceeded.[39m

    Error: locator.boundingBox: Test timeout of 60000ms exceeded.
    Call log:
    [2m  - waiting for locator('section#about img').first()[22m


      87 |         await page.setViewportSize({ width: 1280, height: 800 });
      88 |         const photo = page.locator('section#about img').first();
    > 89 |         const initialBox = await photo.boundingBox();
         |                                        ^
      90 |
      91 |         await page.mouse.wheel(0, 500);
      92 |         await page.waitForTimeout(500);
        at /Users/dgenevois/.gemini/antigravity/scratch/TOURS/tests/e2e.test.ts:89:40

    Error Context: test-results/e2e-Full-Site-Verification-5335d-ticky-Mobile-Responsiveness-chromium/error-context.md


[1A[2K[6/10] [chromium] › tests/e2e.test.ts:111:5 › Full Site Verification - Tours & Detours › Admin: Smoke Test & Login Access
[1A[2K  4) [chromium] › tests/e2e.test.ts:111:5 › Full Site Verification - Tours & Detours › Admin: Smoke Test & Login Access 

    Error: [2mexpect([22m[31mlocator[39m[2m).[22mtoContainText[2m([22m[32mexpected[39m[2m)[22m failed

    Locator: locator('h2, h1')
    Expected pattern: [32m/Admin|Connexion|Connecter/i[39m
    Received string:  [31m"Tours&Detours"[39m
    Timeout: 5000ms

    Call log:
    [2m  - Expect "toContainText" with timeout 5000ms[22m
    [2m  - waiting for locator('h2, h1')[22m
    [2m    8 × locator resolved to <h1 class="text-2xl font-bold text-gray-900">…</h1>[22m
    [2m      - unexpected value "Tours&Detours"[22m


      111 |     test('Admin: Smoke Test & Login Access', async ({ page }) => {
      112 |         await page.goto('/admin.html');
    > 113 |         await expect(page.locator('h2, h1')).toContainText(/Admin|Connexion|Connecter/i);
          |                                              ^
      114 |         const emailInput = page.locator('input[type="email"]');
      115 |         await expect(emailInput).toBeVisible();
      116 |     });
        at /Users/dgenevois/.gemini/antigravity/scratch/TOURS/tests/e2e.test.ts:113:46

    Error Context: test-results/e2e-Full-Site-Verification-e32ee-min-Smoke-Test-Login-Access-chromium/error-context.md


[1A[2K[7/10] [chromium] › tests/e2e.test.ts:118:5 › Full Site Verification - Tours & Detours › Conversion: Booking Funnel Walkthrough
[1A[2K  5) [chromium] › tests/e2e.test.ts:118:5 › Full Site Verification - Tours & Detours › Conversion: Booking Funnel Walkthrough 

    [31mTest timeout of 60000ms exceeded.[39m

    Error: locator.click: Test timeout of 60000ms exceeded.
    Call log:
    [2m  - waiting for locator('section#top-tours h3').first()[22m


      119 |         // 1. Open Tour
      120 |         const tourCard = page.locator('section#top-tours h3').first();
    > 121 |         await tourCard.click({ force: true });
          |                        ^
      122 |
      123 |         // 2. Click Book Now
      124 |         await page.locator('button').filter({ hasText: /Réserver|Book/i }).first().click();
        at /Users/dgenevois/.gemini/antigravity/scratch/TOURS/tests/e2e.test.ts:121:24

    Error Context: test-results/e2e-Full-Site-Verification-087fb--Booking-Funnel-Walkthrough-chromium/error-context.md


[1A[2K[8/10] [chromium] › tests/e2e.test.ts:142:5 › Full Site Verification - Tours & Detours › Security: Outbound Links Safety
[1A[2K[9/10] [chromium] › tests/e2e.test.ts:150:5 › Full Site Verification - Tours & Detours › UI: Meeting Point Map Embed Sanitization
[1A[2K  6) [chromium] › tests/e2e.test.ts:150:5 › Full Site Verification - Tours & Detours › UI: Meeting Point Map Embed Sanitization 

    [31mTest timeout of 60000ms exceeded.[39m

    Error: locator.click: Test timeout of 60000ms exceeded.
    Call log:
    [2m  - waiting for locator('section#top-tours h3').first()[22m


      151 |         await page.goto('/');
      152 |         const tourCard = page.locator('section#top-tours h3').first();
    > 153 |         await tourCard.click({ force: true });
          |                        ^
      154 |
      155 |         await page.getByRole('tab', { name: /Rencontre|Meeting/i }).click();
      156 |
        at /Users/dgenevois/.gemini/antigravity/scratch/TOURS/tests/e2e.test.ts:153:24

    Error Context: test-results/e2e-Full-Site-Verification-fcf85-oint-Map-Embed-Sanitization-chromium/error-context.md


[1A[2K[10/10] [chromium] › tests/e2e.test.ts:161:5 › Full Site Verification - Tours & Detours › UI: Tour Content Translation
[1A[2K  7) [chromium] › tests/e2e.test.ts:161:5 › Full Site Verification - Tours & Detours › UI: Tour Content Translation 

    [31mTest timeout of 60000ms exceeded.[39m

    Error: locator.click: Test timeout of 60000ms exceeded.
    Call log:
    [2m  - waiting for locator('section#top-tours h3').first()[22m


      168 |         // Open first tour
      169 |         const tourCard = page.locator('section#top-tours h3').first();
    > 170 |         await tourCard.click({ force: true });
          |                        ^
      171 |
      172 |         // Verify Title in Dialog is EN (or at least not the default FR one if translated)
      173 |         const dialogTitle = page.locator('div[role="dialog"] h2').first();
        at /Users/dgenevois/.gemini/antigravity/scratch/TOURS/tests/e2e.test.ts:170:24

    Error Context: test-results/e2e-Full-Site-Verification-eb75e-UI-Tour-Content-Translation-chromium/error-context.md


[1A[2K  7 failed
    [chromium] › tests/e2e.test.ts:10:5 › Full Site Verification - Tours & Detours › Critical: Cookie Banner & WhatsApp Visibility 
    [chromium] › tests/e2e.test.ts:48:5 › Full Site Verification - Tours & Detours › UI: Tour Dialog Logic & Overflow Check 
    [chromium] › tests/e2e.test.ts:83:5 › Full Site Verification - Tours & Detours › UI: About Page Sticky & Mobile Responsiveness 
    [chromium] › tests/e2e.test.ts:111:5 › Full Site Verification - Tours & Detours › Admin: Smoke Test & Login Access 
    [chromium] › tests/e2e.test.ts:118:5 › Full Site Verification - Tours & Detours › Conversion: Booking Funnel Walkthrough 
    [chromium] › tests/e2e.test.ts:150:5 › Full Site Verification - Tours & Detours › UI: Meeting Point Map Embed Sanitization 
    [chromium] › tests/e2e.test.ts:161:5 › Full Site Verification - Tours & Detours › UI: Tour Content Translation 
  3 passed (6.3m)

[36m  Serving HTML report at http://localhost:9323. Press Ctrl+C to quit.[39m
